// Jest Snapshot v1, https://goo.gl/fbAQLP

exports[`Library renders the component 1`] = `
<div>
  <button
    onClick={[Function]}
    style={
      Object {
        "backgroundImage": "url(cover-1.jpg)",
        "backgroundPosition": "center",
        "backgroundRepeat": "no-repeat",
        "backgroundSize": "contain",
        "display": "inline-block",
        "height": 300,
        "width": 200,
      }
    }
  />
</div>
`;
