// Jest Snapshot v1, https://goo.gl/fbAQLP

exports[`templates.Toc creates a nav element 1`] = `
Object {
  "data": Array [
    60,
    110,
    97,
    118,
    32,
    105,
    100,
    61,
    34,
    116,
    111,
    99,
    34,
    32,
    101,
    112,
    117,
    98,
    58,
    116,
    121,
    112,
    101,
    61,
    34,
    116,
    111,
    99,
    34,
    62,
    60,
    104,
    50,
    62,
    84,
    97,
    98,
    108,
    101,
    32,
    111,
    102,
    32,
    67,
    111,
    110,
    116,
    101,
    110,
    116,
    115,
    60,
    47,
    104,
    50,
    62,
    123,
    37,
    32,
    98,
    111,
    100,
    121,
    32,
    37,
    125,
    60,
    47,
    110,
    97,
    118,
    62,
  ],
  "type": "Buffer",
}
`;

exports[`templates.Toc creates a nested list 1`] = `
"
      <ol>
        
            <li>
              <a href=\\"text/test.xhtml\\">Test</a>
              
      <ol>
        
            <li>
              <a href=\\"text/test-child.xhtml\\">Test Child</a>
              
            </li>
          
      </ol>
  
            </li>
          
      </ol>
  "
`;

exports[`templates.Toc creates an anchor element 1`] = `"<a href=\\"text/test.xhtml\\">Test</a>"`;

exports[`templates.Toc creates an ordered list 1`] = `"<a href=\\"text/l1.xhtml\\">Test</a>"`;
